Initializing Fresh EEPROM...
Updating DMM Parameters....
Program Starting.....
IDX Debug Mode: LISTEN
DMM Debug Mode: LISTEN

MON1
 OUT
00 FFFFFFFB FFFFFFB4 FFFFFFF2 FFFFFFA5 FFFFFFB4 FFFFFFFA  IN
PUN=+00015425
MON1
 OUT
00 FFFFFFFB FFFFFFB4 FFFFFFF2 FFFFFFA5 FFFFFFB4 FFFFFFFA  IN
PUN=+00015425
MON1
 OUT
00 FFFFFFFB FFFFFFB4 FFFFFFF2 FFFFFFA5 FFFFFFB4 FFFFFFFA  IN
PUN=+00015425
MON1
 OUT
00 FFFFFFFB FFFFFFB4 FFFFFFF2 FFFFFFA5 FFFFFFB4 FFFFFFFA  IN
PUN=+00015425
MON1
 OUT
00 FFFFFFFB FFFFFFB4 FFFFFFF2 FFFFFFA5 FFFFFFB4 FFFFFFFA  IN
PUN=+00015425
MON1
 OUT
00 FFFFFFFB FFFFFFB4 FFFFFFF2 FFFFFFA5 FFFFFFB4 FFFFFFFA  IN
PUN=+00015425
MON1
 OUT
00 FFFFFFFB FFFFFFB4 FFFFFFF2 FFFFFFA5 FFFFFFB4 FFFFFFFA  IN
PUN=+00015425
MON1
 OUT
00 FFFFFFFB FFFFFFB4 FFFFFFF2 FFFFFFA5 FFFFFFB4 FFFFFFFA  IN
PUN=+00015425
MON1
 OUT
00 FFFFFFFB FFFFFFB4 FFFFFFF2 FFFFFFA5 FFFFFFB4 FFFFFFFA  IN
PUN=+00015425
MON1
 OUT
00 FFFFFFFB FFFFFFB4 FFFFFFF2 FFFFFFA5 FFFFFFB4 FFFFFFFA  IN
PUN=+00015425
MON1
 OUT
00 FFFFFFFB FFFFFFB4 FFFFFFF2 FFFFFFA5 FFFFFFB4 FFFFFFFA  IN
PUN=+00015425
MON1
 OUT
00 FFFFFFFB FFFFFFB4 FFFFFFF2 FFFFFFA5 FFFFFFB4 FFFFFFFA  IN
PUN=+00015425
MON1
 OUT
00 FFFFFFFB FFFFFFB4 FFFFFFF2 FFFFFFA5 FFFFFFB4 FFFFFFFA  IN
PUN=+00015425
MON1
 OUT
00 FFFFFFFB FFFFFFB4 FFFFFFF2 FFFFFFA5 FFFFFFB4 FFFFFFFA  IN
PUN=+00015425
MON1
 OUT
00 FFFFFFFB FFFFFFB4 FFFFFFF2 FFFFFFA5 FFFFFFB4 FFFFFFFA  IN
PUN=+00015425
MON1
 OUT
00 FFFFFFFB FFFFFFB4 FFFFFFF2 FFFFFFA5 FFFFFFB4 FFFFFFFA  IN
PUN=+00015425
MON1
 OUT
00 FFFFFFFB FFFFFFB4 FFFFFFF2 FFFFFFA5 FFFFFFB4 FFFFFFFA  IN
PUN=+00015425
MON1
 OUT
00 FFFFFFFB FFFFFFB4 FFFFFFF2 FFFFFFA5 FFFFFFB4 FFFFFFFA  IN
PUN=+00015425
MON1
 OUT
00 FFFFFFFB FFFFFFB4 FFFFFFF2 FFFFFFA5 FFFFFFB4 FFFFFFFA  IN
PUN=+00015425
MON1
 OUT
00 FFFFFFFB FFFFFFB4 FFFFFFF2 FFFFFFA5 FFFFFFB4 FFFFFFFA  IN
PUN=+00015425
MON1
 OUT
00 FFFFFFFB FFFFFFB4 FFFFFFF2 FFFFFFA5 FFFFFFB4 FFFFFFFA  IN
PUN=+00015425
MON1
 OUT
00 FFFFFFFB FFFFFFB4 FFFFFFF2 FFFFFFA5 FFFFFFB4 FFFFFFFA  IN
PUN=+00015425
MON1
 OUT
00 FFFFFFFB FFFFFFB4 FFFFFFF2 FFFFFFA5 FFFFFFB4 FFFFFFFA  IN
PUN=+00015425
MON1
 OUT
00 FFFFFFFB FFFFFFB4 FFFFFFF2 FFFFFFA5 FFFFFFB4 FFFFFFFA  IN
PUN=+00015425
MON1
 OUT
00 FFFFFFFB FFFFFFB4 FFFFFFF2 FFFFFFA5 FFFFFFB4 FFFFFFFA  IN
PUN=+00015425
MON1
 OUT
00 FFFFFFFB FFFFFFB4 FFFFFFF2 FFFFFFA5 FFFFFFB4 FFFFFFFA  IN
PUN=+00015425
MON1
 OUT
00 FFFFFFFB FFFFFFB4 FFFFFFF2 FFFFFFA5 FFFFFFB4 FFFFFFFA  IN
PUN=+00015425
MON1
 OUT
00 FFFFFFFB FFFFFFB4 FFFFFFF2 FFFFFFA5 FFFFFFB4 FFFFFFFA  IN
PUN=+00015425
MON1
 OUT
00 FFFFFFFB FFFFFFB4 FFFFFFF2 FFFFFFA5 FFFFFFB4 FFFFFFFA  IN
PUN=+00015425
MON1
 OUT
00 FFFFFFFB FFFFFFB4 FFFFFFF2 FFFFFFA5 FFFFFFB4 FFFFFFFA  IN
PUN=+00015425
MON1
 OUT
00 FFFFFFFB FFFFFFB4 FFFFFFF2 FFFFFFA5 FFFFFFB4 FFFFFFFA  IN
PUN=+00015425
MON1
 OUT
00 FFFFFFFB FFFFFFB4 FFFFFFF2 FFFFFFA5 FFFFFFB4 FFFFFFFA  IN
PUN=+00015425
MON1
 OUT
00 FFFFFFFB FFFFFFB4 FFFFFFF2 FFFFFFA5 FFFFFFB4 FFFFFFFA  IN
PUN=+00015425
MON1
 OUT
00 FFFFFFFB FFFFFFB4 FFFFFFF2 FFFFFFA5 FFFFFFB4 FFFFFFFA  IN
PUN=+00015425
MON1
 OUT
00 FFFFFFFB FFFFFFB4 FFFFFFF2 FFFFFFA5 FFFFFFB4 FFFFFFFA  IN
PUN=+00015425
MON1
 OUT
00 FFFFFFFB FFFFFFB4 FFFFFFF2 FFFFFFA5 FFFFFFB4 FFFFFFFA  IN
PUN=+00015425
MON1
 OUT
00 FFFFFFFB FFFFFFB4 FFFFFFF2 FFFFFFA5 FFFFFFB4 FFFFFFFA  IN
PUN=+00015425
MON1
 OUT
00 FFFFFFFB FFFFFFB4 FFFFFFF2 FFFFFFA5 FFFFFFB4 FFFFFFFA  IN
PUN=+00015425
MON1
 OUT
00 FFFFFFFB FFFFFFB4 FFFFFFF2 FFFFFFA5 FFFFFFB4 FFFFFFFA  IN
PUN=+00015425
MON1
 OUT
00 FFFFFFFB FFFFFFB4 FFFFFFF2 FFFFFFA5 FFFFFFB4 FFFFFFFA  IN
PUN=+00015425
MON1
 OUT
00 FFFFFFFB FFFFFFB4 FFFFFFF2 FFFFFFA5 FFFFFFB4 FFFFFFFA  IN
PUN=+00015425
MON1
 OUT
00 FFFFFFFB FFFFFFB4 FFFFFFF2 FFFFFFA5 FFFFFFB4 FFFFFFFA  IN
PUN=+00015425
MON1
 OUT
00 FFFFFFFB FFFFFFB4 FFFFFFF2 FFFFFFA5 FFFFFFB4 FFFFFFFA  IN
PUN=+00015425
MON1
 OUT
00 FFFFFFFB FFFFFFB4 FFFFFFF2 FFFFFFA5 FFFFFFB4 FFFFFFFA  IN
PUN=+00015425
MON1
 OUT
00 FFFFFFFB FFFFFFB4 FFFFFFF2 FFFFFFA5 FFFFFFB4 FFFFFFFA  IN
PUN=+00015425
MON1
 OUT
00 FFFFFFFB FFFFFFB4 FFFFFFF2 FFFFFFA5 FFFFFFB4 FFFFFFFA  IN
PUN=+00015425
MON1
 OUT
00 FFFFFFFB FFFFFFB4 FFFFFFF2 FFFFFFA5 FFFFFFB4 FFFFFFFA  IN
PUN=+00015425
MON1
 OUT
00 FFFFFFFB FFFFFFB4 FFFFFFF2 FFFFFFA5 FFFFFFB4 FFFFFFFA  IN
PUN=+00015425
SPD240
 OUT

JOGN
 OUT

MON1
 OUT
00 FFFFFFFB FFFFFFB4 FFFFFFF2 FFFFFFA5 FFFFFFB4 FFFFFFFA  IN
PUN=+00015425
MON1
 OUT
00 FFFFFFFB FFFFFFB4 FFFFFFF2 FFFFFFA5 FFFFFFB4 FFFFFFFA  IN
PUN=+00015425
SKIP
 OUT
SKIP OUT

MON1
 OUT
00 FFFFFFFB FFFFFFB4 FFFFFFF2 FFFFFFA5 FFFFFFB4 FFFFFFFA  IN
PUN=+00015425
MON1
 OUT
00 FFFFFFFB FFFFFFB4 FFFFFFF2 FFFFFFA5 FFFFFFB4 FFFFFFFA  IN
PUN=+00015425
MON1
 OUT
00 FFFFFFFB FFFFFFB4 FFFFFFF2 FFFFFFA5 FFFFFFB4 FFFFFFFA  IN
PUN=+00015425
MON1
 OUT
00 FFFFFFFB FFFFFFB4 FFFFFFF2 FFFFFFA5 FFFFFFB4 FFFFFFFA  IN
PUN=+00015425
MON1
 OUT
00 FFFFFFFB FFFFFFB4 FFFFFFF2 FFFFFFA5 FFFFFFB4 FFFFFFFA  IN
PUN=+00015425
MON1
 OUT
00 FFFFFFFB FFFFFFB4 FFFFFFF2 FFFFFFA5 FFFFFFB4 FFFFFFFA  IN
PUN=+00015425
MON1
 OUT
00 FFFFFFFB FFFFFFB4 FFFFFFF2 FFFFFFA5 FFFFFFB4 FFFFFFFA  IN
PUN=+00015425
MON1
 OUT
00 FFFFFFFB FFFFFFB4 FFFFFFF2 FFFFFFA5 FFFFFFB4 FFFFFFFA  IN
PUN=+00015425
MON1
 OUT
00 FFFFFFFB FFFFFFB4 FFFFFFF2 FFFFFFA5 FFFFFFB4 FFFFFFFA  IN
PUN=+00015425
MON1
 OUT
00 FFFFFFFB FFFFFFB4 FFFFFFF2 FFFFFFA5 FFFFFFB4 FFFFFFFA  IN
PUN=+00015425
MON1
 OUT
00 FFFFFFFB FFFFFFB4 FFFFFFF2 FFFFFFA5 FFFFFFB4 FFFFFFFA  IN
PUN=+00015425
MON1
 OUT
00 FFFFFFFB FFFFFFB4 FFFFFFF2 FFFFFFA5 FFFFFFB4 FFFFFFFA  IN
PUN=+00015425
SPD240
 OUT

JOGP
 OUT

MON1
 OUT
00 FFFFFFFB FFFFFFB4 FFFFFFF2 FFFFFFA5 FFFFFFB4 FFFFFFFA  IN
PUN=+00015425
MON1
 OUT
00 FFFFFFFB FFFFFFB4 FFFFFFF2 FFFFFFA5 FFFFFFB4 FFFFFFFA  IN
PUN=+00015425
MON1
 OUT
00 FFFFFFFB FFFFFFB4 FFFFFFF2 FFFFFFA5 FFFFFFB4 FFFFFFFA  IN
PUN=+00015425
MON1
 OUT
00 FFFFFFFB FFFFFFB4 FFFFFFF2 FFFFFFA5 FFFFFFB4 FFFFFFFA  IN
PUN=+00015425
MON1
 OUT
00 FFFFFFFB FFFFFFB4 FFFFFFF2 FFFFFFA5 FFFFFFB4 FFFFFFFA  IN
PUN=+00015425
MON1
 OUT
00 FFFFFFFB FFFFFFB4 FFFFFFF2 FFFFFFA5 FFFFFFB4 FFFFFFFA  IN
PUN=+00015425
SKIP
 OUT
SKIP OUT

MON1
 OUT
00 FFFFFFFB FFFFFFB4 FFFFFFF2 FFFFFFA5 FFFFFFB4 FFFFFFFA  IN
PUN=+00015425
MON1
 OUT
00 FFFFFFFB FFFFFFB4 FFFFFFF2 FFFFFFA5 FFFFFFB4 FFFFFFFA  IN
PUN=+00015425
MON1
 OUT
00 FFFFFFFB FFFFFFB4 FFFFFFF2 FFFFFFA5 FFFFFFB4 FFFFFFFA  IN
PUN=+00015425
MON1
 OUT
00 FFFFFFFB FFFFFFB4 FFFFFFF2 FFFFFFA5 FFFFFFB4 FFFFFFFA  IN
PUN=+00015425
MON1
 OUT
00 FFFFFFFB FFFFFFB4 FFFFFFF2 FFFFFFA5 FFFFFFB4 FFFFFFFA  IN
PUN=+00015425
MON1
 OUT
00 FFFFFFFB FFFFFFB4 FFFFFFF2 FFFFFFA5 FFFFFFB4 FFFFFFFA  IN
PUN=+00015425
MON1
 OUT
00 FFFFFFFB FFFFFFB4 FFFFFFF2 FFFFFFA5 FFFFFFB4 FFFFFFFA  IN
PUN=+00015425
MON1
 OUT
00 FFFFFFFB FFFFFFB4 FFFFFFF2 FFFFFFA5 FFFFFFB4 FFFFFFFA  IN
PUN=+00015425
MON1
 OUT
00 FFFFFFFB FFFFFFB4 FFFFFFF2 FFFFFFA5 FFFFFFB4 FFFFFFFA  IN
PUN=+00015425
MON1
 OUT
00 FFFFFFFB FFFFFFB4 FFFFFFF2 FFFFFFA5 FFFFFFB4 FFFFFFFA  IN
PUN=+00015425
MON1
 OUT
00 FFFFFFFB FFFFFFB4 FFFFFFF2 FFFFFFA5 FFFFFFB4 FFFFFFFA  IN
PUN=+00015425
MON1
 OUT
00 FFFFFFFB FFFFFFB4 FFFFFFF2 FFFFFFA5 FFFFFFB4 FFFFFFFA  IN
PUN=+00015425
SPD240
 OUT

JOGN
 OUT

MON1
 OUT
00 FFFFFFFB FFFFFFB4 FFFFFFF2 FFFFFFA5 FFFFFFB4 FFFFFFFA  IN
PUN=+00015425
MON1
 OUT
00 FFFFFFFB FFFFFFB4 FFFFFFF2 FFFFFFA5 FFFFFFB4 FFFFFFFA  IN
PUN=+00015425
MON1
 OUT
00 FFFFFFFB FFFFFFB4 FFFFFFF2 FFFFFFA5 FFFFFFB4 FFFFFFFA  IN
PUN=+00015425
MON1
 OUT
00 FFFFFFFB FFFFFFB4 FFFFFFF2 FFFFFFA5 FFFFFFB4 FFFFFFFA  IN
PUN=+00015425
MON1
 OUT
00 FFFFFFFB FFFFFFB4 FFFFFFF2 FFFFFFA5 FFFFFFB4 FFFFFFFA  IN
PUN=+00015425
MON1
 OUT
00 FFFFFFFB FFFFFFB4 FFFFFFF2 FFFFFFA5 FFFFFFB4 FFFFFFFA  IN
PUN=+00015425
SKIP
 OUT
SKIP OUT

MON1
 OUT
00 FFFFFFFB FFFFFFB4 FFFFFFF2 FFFFFFA5 FFFFFFB4 FFFFFFFA  IN
PUN=+00015425
MON1
 OUT
00 FFFFFFFB FFFFFFB4 FFFFFFF2 FFFFFFA5 FFFFFFB4 FFFFFFFA  IN
PUN=+00015425
MON1
 OUT
00 FFFFFFFB FFFFFFB4 FFFFFFF2 FFFFFFA5 FFFFFFB4 FFFFFFFA  IN
PUN=+00015425
MON1
 OUT
00 FFFFFFFB FFFFFFB4 FFFFFFF2 FFFFFFA5 FFFFFFB4 FFFFFFFA  IN
PUN=+00015425
MON1
 OUT
00 FFFFFFFB FFFFFFB4 FFFFFFF2 FFFFFFA5 FFFFFFB4 FFFFFFFA  IN
PUN=+00015425
MON1
 OUT
00 FFFFFFFB FFFFFFB4 FFFFFFF2 FFFFFFA5 FFFFFFB4 FFFFFFFA  IN
PUN=+00015425
MON1
 OUT
00 FFFFFFFB FFFFFFB4 FFFFFFF2 FFFFFFA5 FFFFFFB4 FFFFFFFA  IN
PUN=+00015425
MON1
 OUT
00 FFFFFFFB FFFFFFB4 FFFFFFF2 FFFFFFA5 FFFFFFB4 FFFFFFFA  IN
PUN=+00015425
MON1
 OUT
00 FFFFFFFB FFFFFFB4 FFFFFFF2 FFFFFFA5 FFFFFFB4 FFFFFFFA  IN
PUN=+00015425
SPD240
 OUT

JOGN
 OUT

MON1
 OUT
00 FFFFFFFB FFFFFFB4 FFFFFFF2 FFFFFFA5 FFFFFFB4 FFFFFFFA  IN
PUN=+00015425
MON1
 OUT
00 FFFFFFFB FFFFFFB4 FFFFFFF2 FFFFFFA5 FFFFFFB4 FFFFFFFA  IN
PUN=+00015425
MON1
 OUT
00 FFFFFFFB FFFFFFB4 FFFFFFF2 FFFFFFA5 FFFFFFB4 FFFFFFFA  IN
PUN=+00015425
MON1
 OUT
00 FFFFFFFB FFFFFFB4 FFFFFFF2 FFFFFFA5 FFFFFFB4 FFFFFFFA  IN
PUN=+00015425
MON1
 OUT
00 FFFFFFFB FFFFFFB4 FFFFFFF2 FFFFFFA5 FFFFFFB4 FFFFFFFA  IN
PUN=+00015425
MON1
 OUT
00 FFFFFFFB FFFFFFB4 FFFFFFF2 FFFFFFA5 FFFFFFB4 FFFFFFFA  IN
PUN=+00015425
SKIP
 OUT
SKIP OUT

MON1
 OUT
00 FFFFFFFB FFFFFFB4 FFFFFFF2 FFFFFFA5 FFFFFFB4 FFFFFFFA  IN
PUN=+00015425
MON1
 OUT
00 FFFFFFFB FFFFFFB4 FFFFFFF2 FFFFFFA5 FFFFFFB4 FFFFFFFA  IN
PUN=+00015425
MON1
 OUT
00 FFFFFFFB FFFFFFB4 FFFFFFF2 FFFFFFA5 FFFFFFB4 FFFFFFFA  IN
PUN=+00015425
MON1
 OUT
00 FFFFFFFB FFFFFFB4 FFFFFFF2 FFFFFFA5 FFFFFFB4 FFFFFFFA  IN
PUN=+00015425
MON1
 OUT
00 FFFFFFFB FFFFFFB4 FFFFFFF2 FFFFFFA5 FFFFFFB4 FFFFFFFA  IN
PUN=+00015425
MON1
 OUT
00 FFFFFFFB FFFFFFB4 FFFFFFF2 FFFFFFA5 FFFFFFB4 FFFFFFFA  IN
PUN=+00015425
MON1
 OUT
00 FFFFFFFB FFFFFFB4 FFFFFFF2 FFFFFFA5 FFFFFFB4 FFFFFFFA  IN
PUN=+00015425
MON1
 OUT
00 FFFFFFFB FFFFFFB4 FFFFFFF2 FFFFFFA5 FFFFFFB4 FFFFFFFA  IN
PUN=+00015425
MON1
 OUT
00 FFFFFFFB FFFFFFB4 FFFFFFF2 FFFFFFA5 FFFFFFB4 FFFFFFFA  IN
PUN=+00015425
MON1
 OUT
00 FFFFFFFB FFFFFFB4 FFFFFFF2 FFFFFFA5 FFFFFFB4 FFFFFFFA  IN
PUN=+00015425
MON1
 OUT
00 FFFFFFFB FFFFFFB4 FFFFFFF2 FFFFFFA5 FFFFFFB4 FFFFFFFA  IN
PUN=+00015425
MON1
 OUT
00 FFFFFFFB FFFFFFB4 FFFFFFF2 FFFFFFA5 FFFFFFB4 FFFFFFFA  IN
PUN=+00015425
MON1
 OUT
00 FFFFFFFB FFFFFFB4 FFFFFFF2 FFFFFFA5 FFFFFFB4 FFFFFFFA  IN
PUN=+00015425
MON1
 OUT
00 FFFFFFFB FFFFFFB4 FFFFFFF2 FFFFFFA5 FFFFFFB4 FFFFFFFA  IN
PUN=+00015425
MON1
 OUT
00 FFFFFFFB FFFFFFB4 FFFFFFF2 FFFFFFA5 FFFFFFB4 FFFFFFFA  IN
PUN=+00015425
MON1
 OUT
00 FFFFFFFB FFFFFFB4 FFFFFFF2 FFFFFFA5 FFFFFFB4 FFFFFFFA  IN
PUN=+00015425
MON1
 OUT
00 FFFFFFFB FFFFFFB4 FFFFFFF2 FFFFFFA5 FFFFFFB4 FFFFFFFA  IN
PUN=+00015425
MON1
 OUT
00 FFFFFFFB FFFFFFB4 FFFFFFF2 FFFFFFA5 FFFFFFB4 FFFFFFFA  IN
PUN=+00015425
MON1
 OUT
00 FFFFFFFB FFFFFFB4 FFFFFFF2 FFFFFFA5 FFFFFFB4 FFFFFFFA  IN
PUN=+00015425
MON1
 OUT
00 FFFFFFFB FFFFFFB4 FFFFFFF2 FFFFFFA5 FFFFFFB4 FFFFFFFA  IN
PUN=+00015425
MON1
 OUT
00 FFFFFFFB FFFFFFB4 FFFFFFF2 FFFFFFA5 FFFFFFB4 FFFFFFFA  IN
PUN=+00015425
MON1
 OUT
00 FFFFFFFB FFFFFFB4 FFFFFFF2 FFFFFFA5 FFFFFFB4 FFFFFFFA  IN
PUN=+00015425
MON1
 OUT
00 FFFFFFFB FFFFFFB4 FFFFFFF2 FFFFFFA5 FFFFFFB4 FFFFFFFA  IN
PUN=+00015425
MON1
 OUT
00 FFFFFFFB FFFFFFB4 FFFFFFF2 FFFFFFA5 FFFFFFB4 FFFFFFFA  IN
PUN=+00015425
MON1
 OUT
00 FFFFFFFB FFFFFFB4 FFFFFFF2 FFFFFFA5 FFFFFFB4 FFFFFFFA  IN
PUN=+00015425
MON1
 OUT
00 FFFFFFFB FFFFFFB4 FFFFFFF2 FFFFFFA5 FFFFFFB4 FFFFFFFA  IN
PUN=+00015425
MON1
 OUT
00 FFFFFFFB FFFFFFB4 FFFFFFF2 FFFFFFA5 FFFFFFB4 FFFFFFFA  IN
PUN=+00015425
MON1
 OUT
00 FFFFFFFB FFFFFFB4 FFFFFFF2 FFFFFFA5 FFFFFFB4 FFFFFFFA  IN
PUN=+00015425
MON1
 OUT
00 FFFFFFFB FFFFFFB4 FFFFFFF2 FFFFFFA5 FFFFFFB4 FFFFFFFA  IN
PUN=+00015425
MON1
 OUT
00 FFFFFFFB FFFFFFB4 FFFFFFF2 FFFFFFA5 FFFFFFB4 FFFFFFFA  IN
PUN=+00015425
MON1
 OUT
00 FFFFFFFB FFFFFFB4 FFFFFFF2 FFFFFFA5 FFFFFFB4 FFFFFFFA  IN
PUN=+00015425
MON1
 OUT
00 FFFFFFFB FFFFFFB4 FFFFFFF2 FFFFFFA5 FFFFFFB4 FFFFFFFA  IN
PUN=+00015425
MON1
 OUT
00 FFFFFFFB FFFFFFB4 FFFFFFF2 FFFFFFA5 FFFFFFB4 FFFFFFFA  IN
PUN=+00015425
MON1
 OUT
00 FFFFFFFB FFFFFFB4 FFFFFFF2 FFFFFFA5 FFFFFFB4 FFFFFFFA  IN
PUN=+00015425
MON1
 OUT
00 FFFFFFFB FFFFFFB4 FFFFFFF2 FFFFFFA5 FFFFFFB4 FFFFFFFA  IN
PUN=+00015425
MON1
 OUT
00 FFFFFFFB FFFFFFB4 FFFFFFF2 FFFFFFA5 FFFFFFB4 FFFFFFFA  IN
PUN=+00015425
MON1
 OUT
00 FFFFFFFB FFFFFFB4 FFFFFFF2 FFFFFFA5 FFFFFFB4 FFFFFFFA  IN
PUN=+00015425
PRM8=8192

PRM9=1

PRM15=2

PRM11=23500

PRM12=6345

PRM13=24

PRM14=110

PRM1=120

PRM2=80

PRM19=11

PRM20=10000

RES
 OUT
Updating DMM Parameters....
 OUT
 OUT
 OUT
 OUT
 OUT
 OUT
 OUT
 OUT
Program Starting.....

MON1
 OUT
00 FFFFFFFB FFFFFFB4 FFFFFFF2 FFFFFFA5 FFFFFFB4 FFFFFFFA  IN
PUN=+00019425
MON1
 OUT
00 FFFFFFFB FFFFFFB4 FFFFFFF2 FFFFFFA5 FFFFFFB4 FFFFFFFA  IN
PUN=+00019425
S

SVON

MON1
 OUT
00 FFFFFFFB FFFFFFB4 FFFFFFF2 FFFFFFA5 FFFFFFB4 FFFFFFFA  IN
PUN=+00019425
SPD120
 OUT

JOGP
 OUT

MON1
 OUT
00 FFFFFFFB FFFFFFB4 FFFFFFF2 FFFFFFA5 FFFFFFB4 FFFFFFFA  IN
PUN=+00019425
MON1
 OUT
00 FFFFFFFB FFFFFFB4 FFFFFFF2 FFFFFFA5 FFFFFFB4 FFFFFFFA  IN
PUN=+00019425
MON1
 OUT
00 FFFFFFFB FFFFFFB4 FFFFFFF2 FFFFFFA5 FFFFFFB4 FFFFFFFA  IN
PUN=+00019425
MON1
 OUT
00 FFFFFFFB FFFFFFB4 FFFFFFF2 FFFFFFA5 FFFFFFB4 FFFFFFFA  IN
PUN=+00019425
MON1
 OUT
00 FFFFFFFB FFFFFFB4 FFFFFFF2 FFFFFFA5 FFFFFFB4 FFFFFFFA  IN
PUN=+00019425
MON1
 OUT
00 FFFFFFFB FFFFFFB4 FFFFFFF2 FFFFFFA5 FFFFFFB4 FFFFFFFA  IN
PUN=+00019425
SPD2
 OUT

SKIP
 OUT
SKIP OUT

SET0

MON1
 OUT
00 FFFFFFFB FFFFFFB4 FFFFFFF2 FFFFFFA5 FFFFFFB4 FFFFFFFA  IN
PUN=+00000000
MON1
 OUT
00 FFFFFFFB FFFFFFB4 FFFFFFF2 FFFFFFA5 FFFFFFB4 FFFFFFFA  IN
PUN=+00000000
MON1
 OUT
00 FFFFFFFB FFFFFFB4 FFFFFFF2 FFFFFFA5 FFFFFFB4 FFFFFFFA  IN
PUN=+00000000
MOVI5000
 OUT
00 FFFFFFFB FFFFFFB4 FFFFFFF2 FFFFFFA5 FFFFFFB4 FFFFFFFA  IN
PUN=+00000000
ST
 OUT

MON1
 OUT
00 FFFFFFFB FFFFFFB4 FFFFFFF2 FFFFFFA5 FFFFFFB4 FFFFFFFA  IN
PUN=+00000000
MON1
 OUT
00 FFFFFFFB FFFFFFB4 FFFFFFF2 FFFFFFA5 FFFFFFB4 FFFFFFFA  IN
PUN=+00000000
MON1
 OUT
00 FFFFFFFB FFFFFFB4 FFFFFFF2 FFFFFFA5 FFFFFFB4 FFFFFFFA  IN
PUN=+00000000
MON1
 OUT
00 FFFFFFFB FFFFFFB4 FFFFFFF2 FFFFFFA5 FFFFFFB4 FFFFFFFA  IN
PUN=+00000000
MON1
 OUT
00 FFFFFFFB FFFFFFB4 FFFFFFF2 FFFFFFA5 FFFFFFB4 FFFFFFFA  IN
PUN=+00000000
MON1
 OUT
00 FFFFFFFB FFFFFFB4 FFFFFFF2 FFFFFFA5 FFFFFFB4 FFFFFFFA  IN
PUN=+00000000
MON1
 OUT
00 FFFFFFFB FFFFFFB4 FFFFFFF2 FFFFFFA5 FFFFFFB4 FFFFFFFA  IN
PUN=+00000000
MON1
 OUT
00 FFFFFFFB FFFFFFB4 FFFFFFF2 FFFFFFA5 FFFFFFB4 FFFFFFFA  IN
PUN=+00000000
MON1
 OUT
00 FFFFFFFB FFFFFFB4 FFFFFFF2 FFFFFFA5 FFFFFFB4 FFFFFFFA  IN
PUN=+00000000
MON1
 OUT
00 FFFFFFFB FFFFFFB4 FFFFFFF2 FFFFFFA5 FFFFFFB4 FFFFFFFA  IN
PUN=+00000000
MON1
 OUT
00 FFFFFFFB FFFFFFB4 FFFFFFF2 FFFFFFA5 FFFFFFB4 FFFFFFFA  IN
PUN=+00000000
MON1
 OUT
00 FFFFFFFB FFFFFFB4 FFFFFFF2 FFFFFFA5 FFFFFFB4 FFFFFFFA  IN
PUN=+00000000
MON1
 OUT
00 FFFFFFFB FFFFFFB4 FFFFFFF2 FFFFFFA5 FFFFFFB4 FFFFFFFA  IN
PUN=+00000000
MON1
 OUT
00 FFFFFFFB FFFFFFB4 FFFFFFF2 FFFFFFA5 FFFFFFB4 FFFFFFFA  IN
PUN=+00000000
MON1
 OUT
00 FFFFFFFB FFFFFFB4 FFFFFFF2 FFFFFFA5 FFFFFFB4 FFFFFFFA  IN
PUN=+00000000
MON1
 OUT
00 FFFFFFFB FFFFFFB4 FFFFFFF2 FFFFFFA5 FFFFFFB4 FFFFFFFA  IN
PUN=+00000000
MON1
 OUT
00 FFFFFFFB FFFFFFB4 FFFFFFF2 FFFFFFA5 FFFFFFB4 FFFFFFFA  IN
PUN=+00000000
MON1
 OUT
00 FFFFFFFB FFFFFFB4 FFFFFFF2 FFFFFFA5 FFFFFFB4 FFFFFFFA  IN
PUN=+00000000
MON1
 OUT
00 FFFFFFFB FFFFFFB4 FFFFFFF2 FFFFFFA5 FFFFFFB4 FFFFFFFA  IN
PUN=+00000000
MON1
 OUT
00 FFFFFFFB FFFFFFB4 FFFFFFF2 FFFFFFA5 FFFFFFB4 FFFFFFFA  IN
PUN=+00000000
MON1
 OUT
00 FFFFFFFB FFFFFFB4 FFFFFFF2 FFFFFFA5 FFFFFFB4 FFFFFFFA  IN
PUN=+00000000
MON1
 OUT
00 FFFFFFFB FFFFFFB4 FFFFFFF2 FFFFFFA5 FFFFFFB4 FFFFFFFA  IN
PUN=+00000000
PRM8=8192

PRM9=1

PRM15=2

PRM11=22000

PRM12=5940

PRM13=24

PRM14=110

PRM1=120

PRM2=80

PRM19=11

PRM20=10000

RES
 OUT
Updating DMM Parameters....
 OUT
 OUT
 OUT
 OUT
 OUT
 OUT
 OUT
 OUT
Program Starting.....

MON1
 OUT
00 FFFFFFFB FFFFFFB4 FFFFFFF2 FFFFFFA5 FFFFFFB4 FFFFFFFA  IN
PUN=+00000000
MON1
 OUT
00 FFFFFFFB FFFFFFB4 FFFFFFF2 FFFFFFA5 FFFFFFB4 FFFFFFFA  IN
PUN=+00000000
MON1
 OUT
00 FFFFFFFB FFFFFFB4 FFFFFFF2 FFFFFFA5 FFFFFFB4 FFFFFFFA  IN
PUN=+00000000
MON1
 OUT
00 FFFFFFFB FFFFFFB4 FFFFFFF2 FFFFFFA5 FFFFFFB4 FFFFFFFA  IN
PUN=+00000000
MON1
 OUT
00 FFFFFFFB FFFFFFB4 FFFFFFF2 FFFFFFA5 FFFFFFB4 FFFFFFFA  IN
PUN=+00000000
MON1
 OUT
00 FFFFFFFB FFFFFFB4 FFFFFFF2 FFFFFFA5 FFFFFFB4 FFFFFFFA  IN
PUN=+00000000
MON1
 OUT
00 FFFFFFFB FFFFFFB4 FFFFFFF2 FFFFFFA5 FFFFFFB4 FFFFFFFA  IN
PUN=+00000000
MON1
 OUT
00 FFFFFFFB FFFFFFB4 FFFFFFF2 FFFFFFA5 FFFFFFB4 FFFFFFFA  IN
PUN=+00000000
MON1
 OUT
00 FFFFFFFB FFFFFFB4 FFFFFFF2 FFFFFFA5 FFFFFFB4 FFFFFFFA  IN
PUN=+00000000
MON1
 OUT
00 FFFFFFFB FFFFFFB4 FFFFFFF2 FFFFFFA5 FFFFFFB4 FFFFFFFA  IN
PUN=+00000000
MON1
 OUT
00 FFFFFFFB FFFFFFB4 FFFFFFF2 FFFFFFA5 FFFFFFB4 FFFFFFFA  IN
PUN=+00000000
MON1
 OUT
00 FFFFFFFB FFFFFFB4 FFFFFFF2 FFFFFFA5 FFFFFFB4 FFFFFFFA  IN
PUN=+00000000
MON1
 OUT
00 FFFFFFFB FFFFFFB4 FFFFFFF2 FFFFFFA5 FFFFFFB4 FFFFFFFA  IN
PUN=+00000000
MON1
 OUT
00 FFFFFFFB FFFFFFB4 FFFFFFF2 FFFFFFA5 FFFFFFB4 FFFFFFFA  IN
PUN=+00000000
MON1
 OUT
00 FFFFFFFB FFFFFFB4 FFFFFFF2 FFFFFFA5 FFFFFFB4 FFFFFFFA  IN
PUN=+00000000
MON1
 OUT
00 FFFFFFFB FFFFFFB4 FFFFFFF2 FFFFFFA5 FFFFFFB4 FFFFFFFA  IN
PUN=+00000000
MON1
 OUT
00 FFFFFFFB FFFFFFB4 FFFFFFF2 FFFFFFA5 FFFFFFB4 FFFFFFFA  IN
PUN=+00000000
MON1
 OUT
00 FFFFFFFB FFFFFFB4 FFFFFFF2 FFFFFFA5 FFFFFFB4 FFFFFFFA  IN
PUN=+00000000
MON1
 OUT
00 FFFFFFFB FFFFFFB4 FFFFFFF2 FFFFFFA5 FFFFFFB4 FFFFFFFA  IN
PUN=+00000000
SVON

MON1
 OUT
00 FFFFFFFB FFFFFFB4 FFFFFFF2 FFFFFFA5 FFFFFFB4 FFFFFFFA  IN
PUN=+00000000
SPD120
 OUT

JOGP
 OUT

MON1
 OUT
00 FFFFFFFB FFFFFFB4 FFFFFFF2 FFFFFFA5 FFFFFFB4 FFFFFFFA  IN
PUN=+00000000
MON1
 OUT
00 FFFFFFFB FFFFFFB4 FFFFFFF2 FFFFFFA5 FFFFFFB4 FFFFFFFA  IN
PUN=+00000000
MON1
 OUT
00 FFFFFFFB FFFFFFB4 FFFFFFF2 FFFFFFA5 FFFFFFB4 FFFFFFFA  IN
PUN=+00000000
MON1
 OUT
00 FFFFFFFB FFFFFFB4 FFFFFFF2 FFFFFFA5 FFFFFFB4 FFFFFFFA  IN
PUN=+00000000
MON1
 OUT
00 FFFFFFFB FFFFFFB4 FFFFFFF2 FFFFFFA5 FFFFFFB4 FFFFFFFA  IN
PUN=+00000000
MON1
 OUT
00 FFFFFFFB FFFFFFB4 FFFFFFF2 FFFFFFA5 FFFFFFB4 FFFFFFFA  IN
PUN=+00000000
SKIP
 OUT
SKIP OUT

SET0

MON1
 OUT
00 FFFFFFFB FFFFFFB4 FFFFFFF2 FFFFFFA5 FFFFFFB4 FFFFFFFA  IN
PUN=+00000000
MON1
 OUT
00 FFFFFFFB FFFFFFB4 FFFFFFF2 FFFFFFA5 FFFFFFB4 FFFFFFFA  IN
PUN=+00000000
MON1
 OUT
00 FFFFFFFB FFFFFFB4 FFFFFFF2 FFFFFFA5 FFFFFFB4 FFFFFFFA  IN
PUN=+00000000
MON1
 OUT
00 FFFFFFFB FFFFFFB4 FFFFFFF2 FFFFFFA5 FFFFFFB4 FFFFFFFA  IN
PUN=+00000000
MON1
 OUT
00 FFFFFFFB FFFFFFB4 FFFFFFF2 FFFFFFA5 FFFFFFB4 FFFFFFFA  IN
PUN=+00000000
MON1
 OUT
00 FFFFFFFB FFFFFFB4 FFFFFFF2 FFFFFFA5 FFFFFFB4 FFFFFFFA  IN
PUN=+00000000
MON1
 OUT
00 FFFFFFFB FFFFFFB4 FFFFFFF2 FFFFFFA5 FFFFFFB4 FFFFFFFA  IN
PUN=+00000000
MON1
 OUT
00 FFFFFFFB FFFFFFB4 FFFFFFF2 FFFFFFA5 FFFFFFB4 FFFFFFFA  IN
PUN=+00000000
MON1
 OUT
00 FFFFFFFB FFFFFFB4 FFFFFFF2 FFFFFFA5 FFFFFFB4 FFFFFFFA  IN
PUN=+00000000
MON1
 OUT
00 FFFFFFFB FFFFFFB4 FFFFFFF2 FFFFFFA5 FFFFFFB4 FFFFFFFA  IN
PUN=+00000000
MON1
 OUT
00 FFFFFFFB FFFFFFB4 FFFFFFF2 FFFFFFA5 FFFFFFB4 FFFFFFFA  IN
PUN=+00000000
MON1
 OUT
00 FFFFFFFB FFFFFFB4 FFFFFFF2 FFFFFFA5 FFFFFFB4 FFFFFFFA  IN
PUN=+00000000
MON1
 OUT
00 FFFFFFFB FFFFFFB4 FFFFFFF2 FFFFFFA5 FFFFFFB4 FFFFFFFA  IN
PUN=+00000000
MON1
 OUT
00 FFFFFFFB FFFFFFB4 FFFFFFF2 FFFFFFA5 FFFFFFB4 FFFFFFFA  IN
PUN=+00000000
MON1
 OUT
00 FFFFFFFB FFFFFFB4 FFFFFFF2 FFFFFFA5 FFFFFFB4 FFFFFFFA  IN
PUN=+00000000
MON1
 OUT
00 FFFFFFFB FFFFFFB4 FFFFFFF2 FFFFFFA5 FFFFFFB4 FFFFFFFA  IN
PUN=+00000000
MON1
 OUT
00 FFFFFFFB FFFFFFB4 FFFFFFF2 FFFFFFA5 FFFFFFB4 FFFFFFFA  IN
PUN=+00000000
MON1
 OUT
00 FFFFFFFB FFFFFFB4 FFFFFFF2 FFFFFFA5 FFFFFFB4 FFFFFFFA  IN
PUN=+00000000
MON1
 OUT
00 FFFFFFFB FFFFFFB4 FFFFFFF2 FFFFFFA5 FFFFFFB4 FFFFFFFA  IN
PUN=+00000000
MON1
 OUT
00 FFFFFFFB FFFFFFB4 FFFFFFF2 FFFFFFA5 FFFFFFB4 FFFFFFFA  IN
PUN=+00000000
MON1
 OUT
00 FFFFFFFB FFFFFFB4 FFFFFFF2 FFFFFFA5 FFFFFFB4 FFFFFFFA  IN
PUN=+00000000
MON1
 OUT
00 FFFFFFFB FFFFFFB4 FFFFFFF2 FFFFFFA5 FFFFFFB4 FFFFFFFA  IN
PUN=+00000000
MON1
 OUT
00 FFFFFFFB FFFFFFB4 FFFFFFF2 FFFFFFA5 FFFFFFB4 FFFFFFFA  IN
PUN=+00000000
MON1
 OUT
00 FFFFFFFB FFFFFFB4 FFFFFFF2 FFFFFFA5 FFFFFFB4 FFFFFFFA  IN
PUN=+00000000
MON1
 OUT
00 FFFFFFFB FFFFFFB4 FFFFFFF2 FFFFFFA5 FFFFFFB4 FFFFFFFA  IN
PUN=+00000000
MON1
 OUT
00 FFFFFFFB FFFFFFB4 FFFFFFF2 FFFFFFA5 FFFFFFB4 FFFFFFFA  IN
PUN=+00000000
MON1
 OUT
00 FFFFFFFB FFFFFFB4 FFFFFFF2 FFFFFFA5 FFFFFFB4 FFFFFFFA  IN
PUN=+00000000
MON1
 OUT
00 FFFFFFFB FFFFFFB4 FFFFFFF2 FFFFFFA5 FFFFFFB4 FFFFFFFA  IN
PUN=+00000000
MON1
 OUT
00 FFFFFFFB FFFFFFB4 FFFFFFF2 FFFFFFA5 FFFFFFB4 FFFFFFFA  IN
PUN=+00000000
MON1
 OUT
00 FFFFFFFB FFFFFFB4 FFFFFFF2 FFFFFFA5 FFFFFFB4 FFFFFFFA  IN
PUN=+00000000
MON1
 OUT
00 FFFFFFFB FFFFFFB4 FFFFFFF2 FFFFFFA5 FFFFFFB4 FFFFFFFA  IN
PUN=+00000000
MON1
 OUT
00 FFFFFFFB FFFFFFB4 FFFFFFF2 FFFFFFA5 FFFFFFB4 FFFFFFFA  IN
PUN=+00000000
MON1
 OUT
00 FFFFFFFB FFFFFFB4 FFFFFFF2 FFFFFFA5 FFFFFFB4 FFFFFFFA  IN
PUN=+00000000
MON1
 OUT
00 FFFFFFFB FFFFFFB4 FFFFFFF2 FFFFFFA5 FFFFFFB4 FFFFFFFA  IN
PUN=+00000000
MON1
 OUT
00 FFFFFFFB FFFFFFB4 FFFFFFF2 FFFFFFA5 FFFFFFB4 FFFFFFFA  IN
PUN=+00000000
MON1
 OUT
00 FFFFFFFB FFFFFFB4 FFFFFFF2 FFFFFFA5 FFFFFFB4 FFFFFFFA  IN
PUN=+00000000
MON1
 OUT
00 FFFFFFFB FFFFFFB4 FFFFFFF2 FFFFFFA5 FFFFFFB4 FFFFFFFA  IN
PUN=+00000000
MON1
 OUT
00 FFFFFFFB FFFFFFB4 FFFFFFF2 FFFFFFA5 FFFFFFB4 FFFFFFFA  IN
PUN=+00000000
MON1
 OUT
00 FFFFFFFB FFFFFFB4 FFFFFFF2 FFFFFFA5 FFFFFFB4 FFFFFFFA  IN
PUN=+00000000
MON1
 OUT
00 FFFFFFFB FFFFFFB4 FFFFFFF2 FFFFFFA5 FFFFFFB4 FFFFFFFA  IN
PUN=+00000000
MON1
 OUT
00 FFFFFFFB FFFFFFB4 FFFFFFF2 FFFFFFA5 FFFFFFB4 FFFFFFFA  IN
PUN=+00000000
MON1
 OUT
00 FFFFFFFB FFFFFFB4 FFFFFFF2 FFFFFFA5 FFFFFFB4 FFFFFFFA  IN
PUN=+00000000